Microchip MPLAB XC8 Compiler V2.46

Linker command line:

-W-3 --edf=D:\combiler\pic\dat\20240104201356_en.msgs -cn \
  -h+dist/default/production\GPIO_PIC_DEVICE_DERIVER_led_interfacing.production.sym \
  --cmf=dist/default/production\GPIO_PIC_DEVICE_DERIVER_led_interfacing.production.cmf \
  -z -Q18F4620 -oC:\Users\pc\AppData\Local\Temp\xcAs12o.\driver_tmp_3.o \
  --defsym=__MPLAB_BUILD=1 --fixupoverflow=error \
  -Mdist/default/production/GPIO_PIC_DEVICE_DERIVER_led_interfacing.production.map \
  --md=C:\Users\pc\AppData\Local\Temp\xcAs12o.\driver_tmp_0.dat -E1 \
  -ver=XC8 Compiler --acfsm=1493 -ACODE=00h-0FFFFh -ACONST=00h-0FFFFh \
  -ASMALLCONST=01000h-010FFhx240 -AMEDIUMCONST=01000h-0FFFFh \
  -ACOMRAM=01h-07Fh -AABS1=00h-0F7Fh -ABIGRAM=01h-0F7Fh \
  -ARAM=080h-0FFh,0100h-01FFhx14,0F00h-0F7Fh -ABANK0=080h-0FFh \
  -ABANK1=0100h-01FFh -ABANK2=0200h-02FFh -ABANK3=0300h-03FFh \
  -ABANK4=0400h-04FFh -ABANK5=0500h-05FFh -ABANK6=0600h-06FFh \
  -ABANK7=0700h-07FFh -ABANK8=0800h-08FFh -ABANK9=0900h-09FFh \
  -ABANK10=0A00h-0AFFh -ABANK11=0B00h-0BFFh -ABANK12=0C00h-0CFFh \
  -ABANK13=0D00h-0DFFh -ABANK14=0E00h-0EFFh -ABANK15=0F00h-0F7Fh \
  -ASFR=0F80h-0FFFh -ABIGSFR=0F80h-0FFFh -ACONFIG=0300000h-030000Dh \
  -AIDLOC=0200000h-0200007h -AEEDATA=0F00000h-0F003FFh -peeprom_data=EEDATA \
  -preset_vec=00h,intcode,sivt_hi,intcodelo,sivt_lo,powerup,init \
  -pramtop=01000h -psmallconst=SMALLCONST -pmediumconst=MEDIUMCONST \
  -pconst=CONST -AFARRAM=00h-00h \
  -prdata=COMRAM,nvrram=COMRAM,nvbit=COMRAM,rbss=COMRAM,rbit=COMRAM \
  -pfarbss=FARRAM,fardata=FARRAM,nvFARRAM=FARRAM \
  -pintsave_regs=BIGRAM,bigbss=BIGRAM,bigdata=BIGRAM -pbss=RAM \
  -pidata=CODE,irdata=CODE,ibigdata=CODE,ifardata=CODE -prparam=COMRAM \
  C:\Users\pc\AppData\Local\Temp\xcAs12o.\driver_tmp_9.o \
  dist/default/production\GPIO_PIC_DEVICE_DERIVER_led_interfacing.production.o 

Object code version is 3.11

Machine type is 18F4620



                Name                               Link     Load   Length Selector   Space Scale
C:\Users\pc\AppData\Local\Temp\xcAs12o.\driver_tmp_9.o
                config                           300000   300000        E        0       4
                init                                  0        0        4        0       0
dist/default/production\GPIO_PIC_DEVICE_DERIVER_led_interfacing.production.o
                config                           300000   300000        E        0       4
                smallconst                         1000     1000        2      800       0
                text13                             1002     1002      112      801       0
                text12                             1744     1744       26      801       0
                text11                             1114     1114      110      801       0
                text10                             164A     164A       58      801       0
                text9                              144E     144E       70      801       0
                text8                              171A     171A       2A      801       0
                text7                              13B4     13B4       9A      801       0
                text6                              1302     1302       B2      801       0
                text5                              1528     1528       6A      801       0
                text4                              14BE     14BE       6A      801       0
                text3                              16A2     16A2       42      801       0
                text2                              15EE     15EE       5C      801       0
                text1                              1592     1592       5C      801       0
                text0                              1224     1224       DE      801       0
                cstackCOMRAM                         25       25        F        1       1
                dataCOMRAM                            1        1       24        1       1
                bssCOMRAM                            34       34        7        1       1
                cinit                              16E4     16E4       36      801       0
                nvCOMRAM                             3B       3B        1        1       1
                idataCOMRAM                        176A     176A       24      801       0

TOTAL           Name                               Link     Load   Length     Space
        CLASS   CODE           
                init                                  0        0        4         0
                text13                             1002     1002      112         0
                text12                             1744     1744       26         0
                text11                             1114     1114      110         0
                text10                             164A     164A       58         0
                text9                              144E     144E       70         0
                text8                              171A     171A       2A         0
                text7                              13B4     13B4       9A         0
                text6                              1302     1302       B2         0
                text5                              1528     1528       6A         0
                text4                              14BE     14BE       6A         0
                text3                              16A2     16A2       42         0
                text2                              15EE     15EE       5C         0
                text1                              1592     1592       5C         0
                text0                              1224     1224       DE         0
                cinit                              16E4     16E4       36         0
                idataCOMRAM                        176A     176A       24         0

        CLASS   CONST          

        CLASS   SMALLCONST     
                smallconst                         1000     1000        2         0

        CLASS   MEDIUMCONST    

        CLASS   COMRAM         
                cstackCOMRAM                         25       25        F         1
                dataCOMRAM                            1        1       24         1
                bssCOMRAM                            34       34        7         1
                nvCOMRAM                             3B       3B        1         1

        CLASS   ABS1           

        CLASS   BIGRAM         

        CLASS   RAM            

        CLASS   BANK0          

        CLASS   BANK1          

        CLASS   BANK2          

        CLASS   BANK3          

        CLASS   BANK4          

        CLASS   BANK5          

        CLASS   BANK6          

        CLASS   BANK7          

        CLASS   BANK8          

        CLASS   BANK9          

        CLASS   BANK10         

        CLASS   BANK11         

        CLASS   BANK12         

        CLASS   BANK13         

        CLASS   BANK14         

        CLASS   BANK15         

        CLASS   SFR            

        CLASS   BIGSFR         

        CLASS   CONFIG         
                config                           300000   300000        E         4

        CLASS   IDLOC          

        CLASS   EEDATA         

        CLASS   FARRAM         

        CLASS   HEAP           

        CLASS   STACK          



SEGMENTS        Name                           Load    Length   Top    Selector   Space  Class

                reset_vec                      000000  000004  000004         0       0  CODE    
                dataCOMRAM                     000001  00003B  00003C         1       1  COMRAM  
                smallconst                     001000  000002  001002       800       0  SMALLCON
                text13                         001002  00078C  00178E       801       0  CODE    


UNUSED ADDRESS RANGES

        Name                Unused          Largest block    Delta
        BANK0            000080-0000FF               80
        BANK1            000100-0001FF              100
        BANK10           000A00-000AFF              100
        BANK11           000B00-000BFF              100
        BANK12           000C00-000CFF              100
        BANK13           000D00-000DFF              100
        BANK14           000E00-000EFF              100
        BANK15           000F00-000F7F               80
        BANK2            000200-0002FF              100
        BANK3            000300-0003FF              100
        BANK4            000400-0004FF              100
        BANK5            000500-0005FF              100
        BANK6            000600-0006FF              100
        BANK7            000700-0007FF              100
        BANK8            000800-0008FF              100
        BANK9            000900-0009FF              100
        BIGRAM           00003C-000F7F              F44
        BIGSFR           000F80-000FFF               80
        CODE             000004-000FFF              FFC
                         00178E-00FFFF             E872
        COMRAM           00003C-00007F               44
        CONST            000004-000FFF              FFC
                         00178E-00FFFF             E872
        EEDATA           F00000-F003FF              400
        IDLOC            200000-200007                8
        MEDIUMCONST      00178E-00FFFF             E872
        RAM              000080-000F7F              100
        SFR              000F80-000FFF               80
        SMALLCONST       00178E-00FFFF              100

                                  Symbol Table

_LATA                                   (abs)        000F89
_LATB                                   (abs)        000F8A
_LATC                                   (abs)        000F8B
_LATD                                   (abs)        000F8C
_PORTA                                  (abs)        000F80
_PORTB                                  (abs)        000F81
_PORTC                                  (abs)        000F82
_PORTD                                  (abs)        000F83
_TRISA                                  (abs)        000F92
_TRISB                                  (abs)        000F93
_TRISC                                  (abs)        000F94
_TRISD                                  (abs)        000F95
__HRAM                                  (abs)        000000
__H__absolute__                         __absolute__ 000000
__Habs1                                 abs1         000000
__Hbank0                                bank0        000000
__Hbank1                                bank1        000000
__Hbank10                               bank10       000000
__Hbank11                               bank11       000000
__Hbank12                               bank12       000000
__Hbank13                               bank13       000000
__Hbank14                               bank14       000000
__Hbank15                               bank15       000000
__Hbank2                                bank2        000000
__Hbank3                                bank3        000000
__Hbank4                                bank4        000000
__Hbank5                                bank5        000000
__Hbank6                                bank6        000000
__Hbank7                                bank7        000000
__Hbank8                                bank8        000000
__Hbank9                                bank9        000000
__Hbigbss                               bigbss       000000
__Hbigdata                              bigdata      000000
__Hbigram                               bigram       000000
__Hbigsfr                               bigsfr       000000
__Hbss                                  bss          000000
__HbssCOMRAM                            bssCOMRAM    000000
__Hcinit                                cinit        000000
__Hclrtext                              clrtext      000000
__Hcomram                               comram       000000
__Hconfig                               config       30000E
__Hconst                                const        000000
__HcstackCOMRAM                         cstackCOMRAM 000000
__Hdata                                 data         000000
__HdataCOMRAM                           dataCOMRAM   000000
__Heeprom_data                          eeprom_data  000000
__Hfarbss                               farbss       000000
__Hfardata                              fardata      000000
__Hheap                                 heap         000000
__Hibigdata                             ibigdata     000000
__Hidata                                idata        000000
__HidataCOMRAM                          idataCOMRAM  000000
__Hidloc                                idloc        000000
__Hifardata                             ifardata     000000
__Hinit                                 init         000004
__Hintcode                              intcode      000000
__Hintcode_body                         intcode_body 000000
__Hintcodelo                            intcodelo    000000
__Hintentry                             intentry     000000
__Hintret                               intret       000000
__Hintsave_regs                         intsave_regs 000000
__Hirdata                               irdata       000000
__Hmediumconst                          mediumconst  000000
__HnvCOMRAM                             nvCOMRAM     000000
__HnvFARRAM                             nvFARRAM     000000
__Hnvbit                                nvbit        000000
__Hnvrram                               nvrram       000000
__Hparam                                rparam       000000
__Hpowerup                              powerup      000000
__Hram                                  ram          000000
__Hramtop                               ramtop       001000
__Hrbit                                 rbit         000000
__Hrbss                                 rbss         000000
__Hrdata                                rdata        000000
__Hreset_vec                            reset_vec    000000
__Hrparam                               rparam       000000
__Hsfr                                  sfr          000000
__Hsivt_hi                              sivt_hi      000000
__Hsivt_lo                              sivt_lo      000000
__Hsmallconst                           smallconst   001002
__Hspace_0                              (abs)        00178E
__Hspace_1                              (abs)        00003C
__Hspace_2                              (abs)        000000
__Hspace_4                              (abs)        60000E
__Hstack                                stack        000000
__Hstruct                               struct       000000
__Htemp                                 temp         000000
__Htext                                 text         000000
__Htext0                                text0        000000
__Htext1                                text1        000000
__Htext10                               text10       000000
__Htext11                               text11       000000
__Htext12                               text12       000000
__Htext13                               text13       000000
__Htext2                                text2        000000
__Htext3                                text3        000000
__Htext4                                text4        000000
__Htext5                                text5        000000
__Htext6                                text6        000000
__Htext7                                text7        000000
__Htext8                                text8        000000
__Htext9                                text9        000000
__LRAM                                  (abs)        000001
__L__absolute__                         __absolute__ 000000
__Labs1                                 abs1         000000
__Lbank0                                bank0        000000
__Lbank1                                bank1        000000
__Lbank10                               bank10       000000
__Lbank11                               bank11       000000
__Lbank12                               bank12       000000
__Lbank13                               bank13       000000
__Lbank14                               bank14       000000
__Lbank15                               bank15       000000
__Lbank2                                bank2        000000
__Lbank3                                bank3        000000
__Lbank4                                bank4        000000
__Lbank5                                bank5        000000
__Lbank6                                bank6        000000
__Lbank7                                bank7        000000
__Lbank8                                bank8        000000
__Lbank9                                bank9        000000
__Lbigbss                               bigbss       000000
__Lbigdata                              bigdata      000000
__Lbigram                               bigram       000000
__Lbigsfr                               bigsfr       000000
__Lbss                                  bss          000000
__LbssCOMRAM                            bssCOMRAM    000000
__Lcinit                                cinit        000000
__Lclrtext                              clrtext      000000
__Lcomram                               comram       000000
__Lconfig                               config       000000
__Lconst                                const        000000
__LcstackCOMRAM                         cstackCOMRAM 000000
__Ldata                                 data         000000
__LdataCOMRAM                           dataCOMRAM   000000
__Leeprom_data                          eeprom_data  000000
__Lfarbss                               farbss       000000
__Lfardata                              fardata      000000
__Lheap                                 heap         000000
__Libigdata                             ibigdata     000000
__Lidata                                idata        000000
__LidataCOMRAM                          idataCOMRAM  000000
__Lidloc                                idloc        000000
__Lifardata                             ifardata     000000
__Linit                                 init         000000
__Lintcode                              intcode      000000
__Lintcode_body                         intcode_body 000000
__Lintcodelo                            intcodelo    000000
__Lintentry                             intentry     000000
__Lintret                               intret       000000
__Lintsave_regs                         intsave_regs 000000
__Lirdata                               irdata       000000
__Lmediumconst                          mediumconst  000000
__LnvCOMRAM                             nvCOMRAM     000000
__LnvFARRAM                             nvFARRAM     000000
__Lnvbit                                nvbit        000000
__Lnvrram                               nvrram       000000
__Lparam                                rparam       000000
__Lpowerup                              powerup      000000
__Lram                                  ram          000000
__Lramtop                               ramtop       001000
__Lrbit                                 rbit         000000
__Lrbss                                 rbss         000000
__Lrdata                                rdata        000000
__Lreset_vec                            reset_vec    000000
__Lrparam                               rparam       000000
__Lsfr                                  sfr          000000
__Lsivt_hi                              sivt_hi      000000
__Lsivt_lo                              sivt_lo      000000
__Lsmallconst                           smallconst   001000
__Lspace_0                              (abs)        000000
__Lspace_1                              (abs)        000000
__Lspace_2                              (abs)        000000
__Lspace_4                              (abs)        000000
__Lstack                                stack        000000
__Lstruct                               struct       000000
__Ltemp                                 temp         000000
__Ltext                                 text         000000
__Ltext0                                text0        000000
__Ltext1                                text1        000000
__Ltext10                               text10       000000
__Ltext11                               text11       000000
__Ltext12                               text12       000000
__Ltext13                               text13       000000
__Ltext2                                text2        000000
__Ltext3                                text3        000000
__Ltext4                                text4        000000
__Ltext5                                text5        000000
__Ltext6                                text6        000000
__Ltext7                                text7        000000
__Ltext8                                text8        000000
__Ltext9                                text9        000000
__S0                                    (abs)        00178E
__S1                                    (abs)        00003C
__S4                                    (abs)        000000
__S5                                    (abs)        000000
___heap_hi                              (abs)        000000
___heap_lo                              (abs)        000000
___inthi_sp                             stack        000000
___inthi_stack_hi                       stack        000000
___inthi_stack_lo                       stack        000000
___intlo_sp                             stack        000000
___intlo_stack_hi                       stack        000000
___intlo_stack_lo                       stack        000000
___param_bank                           (abs)        000000
___rparam_used                          (abs)        000001
___sp                                   stack        000000
___stack_hi                             stack        000000
___stack_lo                             stack        000000
__accesstop                             (abs)        000080
__activetblptr                          (abs)        000002
__end_of__initialization                cinit        001710
__end_of_application_intialize          text8        001744
__end_of_button_initialize              text12       00176A
__end_of_button_read_state              text6        0013B4
__end_of_gpio_pin_direction_intialize   text13       001114
__end_of_gpio_pin_intialize             text10       0016A2
__end_of_gpio_pin_read_logic            text7        00144E
__end_of_gpio_pin_write_logic           text11       001224
__end_of_led_initialize                 text9        0014BE
__end_of_led_turn_off                   text5        001592
__end_of_led_turn_on                    text4        001528
__end_of_main                           text0        001302
__end_of_program_1                      text3        0016E4
__end_of_program_2                      text2        00164A
__end_of_program_3                      text1        0015EE
__initialization                        cinit        0016E4
__mediumconst                           mediumconst  000000
__pbssCOMRAM                            bssCOMRAM    000034
__pcinit                                cinit        0016E4
__pcstackCOMRAM                         cstackCOMRAM 000025
__pdataCOMRAM                           dataCOMRAM   000001
__pidataCOMRAM                          idataCOMRAM  00176A
__pnvCOMRAM                             nvCOMRAM     00003B
__psmallconst                           smallconst   001000
__ptext0                                text0        001224
__ptext1                                text1        001592
__ptext10                               text10       00164A
__ptext11                               text11       001114
__ptext12                               text12       001744
__ptext13                               text13       001002
__ptext2                                text2        0015EE
__ptext3                                text3        0016A2
__ptext4                                text4        0014BE
__ptext5                                text5        001528
__ptext6                                text6        001302
__ptext7                                text7        0013B4
__ptext8                                text8        00171A
__ptext9                                text9        00144E
__ramtop                                ramtop       001000
__smallconst                            smallconst   001000
_application_intialize                  text8        00171A
_btn_high_valid                         bssCOMRAM    000034
_button_high                            dataCOMRAM   00001E
_button_high_last_valid_status          dataCOMRAM   000019
_button_high_status                     dataCOMRAM   000022
_button_high_valid_status               dataCOMRAM   00001A
_button_initialize                      text12       001744
_button_low                             dataCOMRAM   00001B
_button_low_status                      dataCOMRAM   000021
_button_read_state                      text6        001302
_gpio_pin_direction_intialize           text13       001002
_gpio_pin_intialize                     text10       00164A
_gpio_pin_read_logic                    text7        0013B4
_gpio_pin_write_logic                   text11       001114
_lat_register                           dataCOMRAM   000009
_led_1                                  dataCOMRAM   000024
_led_2                                  dataCOMRAM   000023
_led_initialize                         text9        00144E
_led_turn_off                           text5        001528
_led_turn_on                            text4        0014BE
_main                                   text0        001224
_port_register                          dataCOMRAM   000001
_program_1                              text3        0016A2
_program_2                              text2        0015EE
_program_3                              text1        001592
_program_sellected                      bssCOMRAM    000036
_ret                                    nvCOMRAM     00003B
_tris_register                          dataCOMRAM   000011
button_initialize@btn                   cstackCOMRAM 00002C
button_initialize@ret                   cstackCOMRAM 00002D
button_read_state@btn                   cstackCOMRAM 00002B
button_read_state@btn_state             cstackCOMRAM 00002C
button_read_state@pin_logic_status      cstackCOMRAM 00002F
button_read_state@ret                   cstackCOMRAM 00002E
end_of_initialization                   cinit        001710
gpio_pin_direction_intialize@pin_config cstackCOMRAM 000025
gpio_pin_direction_intialize@ret        cstackCOMRAM 00002B
gpio_pin_intialize@pin_config           cstackCOMRAM 00002D
gpio_pin_intialize@ret                  cstackCOMRAM 00002F
gpio_pin_read_logic@logic               cstackCOMRAM 000026
gpio_pin_read_logic@pin_config          cstackCOMRAM 000025
gpio_pin_write_logic@logic              cstackCOMRAM 000026
gpio_pin_write_logic@pin_config         cstackCOMRAM 000025
gpio_pin_write_logic@ret                cstackCOMRAM 00002C
intlevel0                               text         000000
intlevel1                               text         000000
intlevel2                               text         000000
intlevel3                               text         000000
isa$std                                 (abs)        000001
isa$xinst                               (abs)        000000
led_initialize@F2893                    bssCOMRAM    00003A
led_initialize@led                      cstackCOMRAM 000030
led_initialize@pin_obj                  cstackCOMRAM 000033
led_initialize@ret                      cstackCOMRAM 000032
led_toggle@F2908                        bssCOMRAM    000037
led_turn_off@F2903                      bssCOMRAM    000038
led_turn_off@led                        cstackCOMRAM 00002D
led_turn_off@pin_obj                    cstackCOMRAM 00002F
led_turn_on@F2898                       bssCOMRAM    000039
led_turn_on@led                         cstackCOMRAM 00002D
led_turn_on@pin_obj                     cstackCOMRAM 00002F
program_2@counter                       cstackCOMRAM 000032
program_3@counter                       cstackCOMRAM 000032
stackhi                                 (abs)        000000
stacklo                                 (abs)        000000
start                                   init         000000
start_initialization                    cinit        0016E4


MODULE INFORMATION

Module		Function		Class		Link	Load	Size
ECU_LAYER/LED/ecu_led.c
		_led_initialize		CODE           	144E	0000	112
		_led_turn_on   		CODE           	14BE	0000	106
		_led_turn_off  		CODE           	1528	0000	106

ECU_LAYER/LED/ecu_led.c estimated size: 324

MCAL_LAYER/GPIO/hal_gpio.c
		_gpio_pin_write_logic		CODE           	1114	0000	272
		_gpio_pin_intialize		CODE           	164A	0000	88
		_gpio_pin_read_logic		CODE           	13B4	0000	154
		_gpio_pin_direction_intialize		CODE           	1002	0000	274

MCAL_LAYER/GPIO/hal_gpio.c estimated size: 788

ECU_LAYER/ecu_button.c
		_button_read_state		CODE           	1302	0000	178
		_button_initialize		CODE           	1744	0000	38

ECU_LAYER/ecu_button.c estimated size: 216

shared
		__initialization		CODE           	16E4	0000	44

shared estimated size: 44

application.c
		_main          		CODE           	1224	0000	222
		_program_1     		CODE           	16A2	0000	66
		_program_2     		CODE           	15EE	0000	92
		_program_3     		CODE           	1592	0000	92
		_application_intialize		CODE           	171A	0000	42

application.c estimated size: 514

